================================Erreur de script================================
Message :
uninitialized constant Battle::Move::Potpourri

Type : NameError
Script : 00300 Pivot.rb (user)
Ligne : 29
Date : 26/07/2026 02:00:00
Game Version : 256
Logiciel : PSDK 26.58
===================================Backtraces===================================
[15] : 00300 Pivot.rb (user) | ligne 29 <class:Move>
[14] : 00300 Pivot.rb (user) | ligne 2 <module:Battle>
[13] : 00300 Pivot.rb (user) | ligne 1 <top (required)>
[12] : ScriptLoad.rb (PSDK) | ligne 94 require
[11] : ScriptLoad.rb (PSDK) | ligne 94 load_scripts
[10] : ScriptLoad.rb (PSDK) | ligne 91 each
[9] : ScriptLoad.rb (PSDK) | ligne 91 load_scripts
[8] : ScriptLoad.rb (PSDK) | ligne 82 load_vscode_scripts
[7] : ScriptLoad.rb (PSDK) | ligne 42 start
[6] : tools/GameLoader/50_load_game_uncompiled.rb (PSDK) | ligne 7 <top (required)>
[5] : ScriptLoad.rb (PSDK) | ligne 198 require
[4] : ScriptLoad.rb (PSDK) | ligne 198 load_tool
[3] : tools/GameLoader/Z_load_uncompiled.rb (PSDK) | ligne 17 <top (required)>
[2] : ScriptLoad.rb (PSDK) | ligne 198 require
[1] : ScriptLoad.rb (PSDK) | ligne 198 load_tool
[0] : Game.rb (RMXP) | ligne 11 <main>
===================================Fin du log===================================